cert-manager                            
============                            

Events
------
  There are 0 pods in the cert-manager namespace
Pods
----
  cert-manager-85bf45b6d7-6zn4q
  cert-manager-cainjector-f5ff779b5-84z2w
  cert-manager-webhook-7fdf748794-dnn4b
  There are 3 pods in the cert-manager namespace

default                                 
=======                                 

Events
------
  Node and Certificate Authority certificates managed by k3s are OK
    CertificateExpirationOK        Normal                                                       
    2026-06-05 16:11:42 -0700 PDT  2026-06-05 16:11:42 -0700 PDT 
  
    Starting                       Normal                         StartKubeProxy                
    0001-01-01 00:00:00 +0000 UTC  0001-01-01 00:00:00 +0000 UTC 
  Starting kubelet.
    Starting                       Normal                                                       
    2026-06-05 16:11:44 -0700 PDT  2026-06-05 16:11:44 -0700 PDT 
  Updated Node Allocatable limit across pods
    NodeAllocatableEnforced        Normal                                                       
    2026-06-05 16:11:44 -0700 PDT  2026-06-05 16:11:44 -0700 PDT 
  Node node1 status is now: NodeHasSufficientMemory
    NodeHasSufficientMemory        Normal                                                       
    2026-06-05 16:11:44 -0700 PDT  2026-06-05 16:11:44 -0700 PDT 
  Node node1 status is now: NodeHasNoDiskPressure
    NodeHasNoDiskPressure          Normal                                                       
    2026-06-05 16:11:44 -0700 PDT  2026-06-05 16:11:44 -0700 PDT 
  Node node1 status is now: NodeHasSufficientPID
    NodeHasSufficientPID           Normal                                                       
    2026-06-05 16:11:44 -0700 PDT  2026-06-05 16:11:44 -0700 PDT 
  Node and Certificate Authority certificates managed by k3s are OK
    CertificateExpirationOK        Normal                                                       
    2026-06-05 16:26:51 -0700 PDT  2026-06-05 16:26:51 -0700 PDT 
  
    Starting                       Normal                         StartKubeProxy                
    0001-01-01 00:00:00 +0000 UTC  0001-01-01 00:00:00 +0000 UTC 
  Starting kubelet.
    Starting                       Normal                                                       
    2026-06-05 16:26:53 -0700 PDT  2026-06-05 16:26:53 -0700 PDT 
  Updated Node Allocatable limit across pods
    NodeAllocatableEnforced        Normal                                                       
    2026-06-05 16:26:53 -0700 PDT  2026-06-05 16:26:53 -0700 PDT 
  Node node1 status is now: NodeHasSufficientMemory
    NodeHasSufficientMemory        Normal                                                       
    2026-06-05 16:26:53 -0700 PDT  2026-06-05 16:26:53 -0700 PDT 
  Node node1 status is now: NodeHasNoDiskPressure
    NodeHasNoDiskPressure          Normal                                                       
    2026-06-05 16:26:53 -0700 PDT  2026-06-05 16:26:53 -0700 PDT 
  Node node1 status is now: NodeHasSufficientPID
    NodeHasSufficientPID           Normal                                                       
    2026-06-05 16:26:53 -0700 PDT  2026-06-05 16:26:53 -0700 PDT 
  Node and Certificate Authority certificates managed by k3s are OK
    CertificateExpirationOK        Normal                                                       
    2026-06-05 16:41:59 -0700 PDT  2026-06-05 16:41:59 -0700 PDT 
  
    Starting                       Normal                         StartKubeProxy                
    0001-01-01 00:00:00 +0000 UTC  0001-01-01 00:00:00 +0000 UTC 
  Starting kubelet.
    Starting                       Normal                                                       
    2026-06-05 16:42:01 -0700 PDT  2026-06-05 16:42:01 -0700 PDT 
  Updated Node Allocatable limit across pods
    NodeAllocatableEnforced        Normal                                                       
    2026-06-05 16:42:01 -0700 PDT  2026-06-05 16:42:01 -0700 PDT 
  Node node1 status is now: NodeHasSufficientMemory
    NodeHasSufficientMemory        Normal                                                       
    2026-06-05 16:42:01 -0700 PDT  2026-06-05 16:42:01 -0700 PDT 
  Node node1 status is now: NodeHasNoDiskPressure
    NodeHasNoDiskPressure          Normal                                                       
    2026-06-05 16:42:01 -0700 PDT  2026-06-05 16:42:01 -0700 PDT 
  Node node1 status is now: NodeHasSufficientPID
    NodeHasSufficientPID           Normal                                                       
    2026-06-05 16:42:01 -0700 PDT  2026-06-05 16:42:01 -0700 PDT 
  Node and Certificate Authority certificates managed by k3s are OK
    CertificateExpirationOK        Normal                                                       
    2026-06-05 16:57:07 -0700 PDT  2026-06-05 16:57:07 -0700 PDT 
  
    Starting                       Normal                         StartKubeProxy                
    0001-01-01 00:00:00 +0000 UTC  0001-01-01 00:00:00 +0000 UTC 
  Starting kubelet.
    Starting                       Normal                                                       
    2026-06-05 16:57:09 -0700 PDT  2026-06-05 16:57:09 -0700 PDT 
  Updated Node Allocatable limit across pods
    NodeAllocatableEnforced        Normal                                                       
    2026-06-05 16:57:09 -0700 PDT  2026-06-05 16:57:09 -0700 PDT 
  Node node1 status is now: NodeHasSufficientMemory
    NodeHasSufficientMemory        Normal                                                       
    2026-06-05 16:57:09 -0700 PDT  2026-06-05 16:57:09 -0700 PDT 
  Node node1 status is now: NodeHasNoDiskPressure
    NodeHasNoDiskPressure          Normal                                                       
    2026-06-05 16:57:09 -0700 PDT  2026-06-05 16:57:09 -0700 PDT 
  Node node1 status is now: NodeHasSufficientPID
    NodeHasSufficientPID           Normal                                                       
    2026-06-05 16:57:09 -0700 PDT  2026-06-05 16:57:09 -0700 PDT 
  Node and Certificate Authority certificates managed by k3s are OK
    CertificateExpirationOK        Normal                                                       
    2026-06-05 16:11:45 -0700 PDT  2026-06-05 16:11:45 -0700 PDT 
  
    Starting                       Normal                         StartKubeProxy                
    0001-01-01 00:00:00 +0000 UTC  0001-01-01 00:00:00 +0000 UTC 
  Starting kubelet.
    Starting                       Normal                                                       
    2026-06-05 16:11:46 -0700 PDT  2026-06-05 16:11:46 -0700 PDT 
  Updated Node Allocatable limit across pods
    NodeAllocatableEnforced        Normal                                                       
    2026-06-05 16:11:47 -0700 PDT  2026-06-05 16:11:47 -0700 PDT 
  Node node2 status is now: NodeHasSufficientMemory
    NodeHasSufficientMemory        Normal                                                       
    2026-06-05 16:11:47 -0700 PDT  2026-06-05 16:11:47 -0700 PDT 
  Node node2 status is now: NodeHasNoDiskPressure
    NodeHasNoDiskPressure          Normal                                                       
    2026-06-05 16:11:47 -0700 PDT  2026-06-05 16:11:47 -0700 PDT 
  Node node2 status is now: NodeHasSufficientPID
    NodeHasSufficientPID           Normal                                                       
    2026-06-05 16:11:47 -0700 PDT  2026-06-05 16:11:47 -0700 PDT 
  Node and Certificate Authority certificates managed by k3s are OK
    CertificateExpirationOK        Normal                                                       
    2026-06-05 16:26:53 -0700 PDT  2026-06-05 16:26:53 -0700 PDT 
  
    Starting                       Normal                         StartKubeProxy                
    0001-01-01 00:00:00 +0000 UTC  0001-01-01 00:00:00 +0000 UTC 
  Starting kubelet.
    Starting                       Normal                                                       
    2026-06-05 16:26:55 -0700 PDT  2026-06-05 16:26:55 -0700 PDT 
  Updated Node Allocatable limit across pods
    NodeAllocatableEnforced        Normal                                                       
    2026-06-05 16:26:55 -0700 PDT  2026-06-05 16:26:55 -0700 PDT 
  Node node2 status is now: NodeHasSufficientMemory
    NodeHasSufficientMemory        Normal                                                       
    2026-06-05 16:26:55 -0700 PDT  2026-06-05 16:26:55 -0700 PDT 
  Node node2 status is now: NodeHasNoDiskPressure
    NodeHasNoDiskPressure          Normal                                                       
    2026-06-05 16:26:55 -0700 PDT  2026-06-05 16:26:55 -0700 PDT 
  Node node2 status is now: NodeHasSufficientPID
    NodeHasSufficientPID           Normal                                                       
    2026-06-05 16:26:55 -0700 PDT  2026-06-05 16:26:55 -0700 PDT 
  Node and Certificate Authority certificates managed by k3s are OK
    CertificateExpirationOK        Normal                                                       
    2026-06-05 16:42:02 -0700 PDT  2026-06-05 16:42:02 -0700 PDT 
  
    Starting                       Normal                         StartKubeProxy                
    0001-01-01 00:00:00 +0000 UTC  0001-01-01 00:00:00 +0000 UTC 
  Starting kubelet.
    Starting                       Normal                                                       
    2026-06-05 16:42:03 -0700 PDT  2026-06-05 16:42:03 -0700 PDT 
  Updated Node Allocatable limit across pods
    NodeAllocatableEnforced        Normal                                                       
    2026-06-05 16:42:03 -0700 PDT  2026-06-05 16:42:03 -0700 PDT 
  Node node2 status is now: NodeHasSufficientMemory
    NodeHasSufficientMemory        Normal                                                       
    2026-06-05 16:42:03 -0700 PDT  2026-06-05 16:42:03 -0700 PDT 
  Node node2 status is now: NodeHasNoDiskPressure
    NodeHasNoDiskPressure          Normal                                                       
    2026-06-05 16:42:03 -0700 PDT  2026-06-05 16:42:03 -0700 PDT 
  Node node2 status is now: NodeHasSufficientPID
    NodeHasSufficientPID           Normal                                                       
    2026-06-05 16:42:03 -0700 PDT  2026-06-05 16:42:03 -0700 PDT 
  Node and Certificate Authority certificates managed by k3s are OK
    CertificateExpirationOK        Normal                                                       
    2026-06-05 16:57:10 -0700 PDT  2026-06-05 16:57:10 -0700 PDT 
  
    Starting                       Normal                         StartKubeProxy                
    0001-01-01 00:00:00 +0000 UTC  0001-01-01 00:00:00 +0000 UTC 
  Starting kubelet.
    Starting                       Normal                                                       
    2026-06-05 16:57:12 -0700 PDT  2026-06-05 16:57:12 -0700 PDT 
  Updated Node Allocatable limit across pods
    NodeAllocatableEnforced        Normal                                                       
    2026-06-05 16:57:12 -0700 PDT  2026-06-05 16:57:12 -0700 PDT 
  Node node2 status is now: NodeHasSufficientMemory
    NodeHasSufficientMemory        Normal                                                       
    2026-06-05 16:57:12 -0700 PDT  2026-06-05 16:57:12 -0700 PDT 
  Node node2 status is now: NodeHasNoDiskPressure
    NodeHasNoDiskPressure          Normal                                                       
    2026-06-05 16:57:12 -0700 PDT  2026-06-05 16:57:12 -0700 PDT 
  Node node2 status is now: NodeHasSufficientPID
    NodeHasSufficientPID           Normal                                                       
    2026-06-05 16:57:12 -0700 PDT  2026-06-05 16:57:12 -0700 PDT 
  Node and Certificate Authority certificates managed by k3s are OK
    CertificateExpirationOK        Normal                                                       
    2026-06-05 16:11:47 -0700 PDT  2026-06-05 16:11:47 -0700 PDT 
  
    Starting                       Normal                         StartKubeProxy                
    0001-01-01 00:00:00 +0000 UTC  0001-01-01 00:00:00 +0000 UTC 
  Starting kubelet.
    Starting                       Normal                                                       
    2026-06-05 16:11:48 -0700 PDT  2026-06-05 16:11:48 -0700 PDT 
  invalid capacity 0 on image filesystem
    InvalidDiskCapacity            Warning                                                      
    2026-06-05 16:11:49 -0700 PDT  2026-06-05 16:11:49 -0700 PDT 
  Updated Node Allocatable limit across pods
    NodeAllocatableEnforced        Normal                                                       
    2026-06-05 16:11:49 -0700 PDT  2026-06-05 16:11:49 -0700 PDT 
  Node node3 status is now: NodeHasSufficientMemory
    NodeHasSufficientMemory        Normal                                                       
    2026-06-05 16:11:49 -0700 PDT  2026-06-05 16:11:49 -0700 PDT 
  Node node3 status is now: NodeHasNoDiskPressure
    NodeHasNoDiskPressure          Normal                                                       
    2026-06-05 16:11:49 -0700 PDT  2026-06-05 16:11:49 -0700 PDT 
  Node node3 status is now: NodeHasSufficientPID
    NodeHasSufficientPID           Normal                                                       
    2026-06-05 16:11:49 -0700 PDT  2026-06-05 16:11:49 -0700 PDT 
  Node and Certificate Authority certificates managed by k3s are OK
    CertificateExpirationOK        Normal                                                       
    2026-06-05 16:26:55 -0700 PDT  2026-06-05 16:26:55 -0700 PDT 
  
    Starting                       Normal                         StartKubeProxy                
    0001-01-01 00:00:00 +0000 UTC  0001-01-01 00:00:00 +0000 UTC 
  Starting kubelet.
    Starting                       Normal                                                       
    2026-06-05 16:26:57 -0700 PDT  2026-06-05 16:26:57 -0700 PDT 
  invalid capacity 0 on image filesystem
    InvalidDiskCapacity            Warning                                                      
    2026-06-05 16:26:57 -0700 PDT  2026-06-05 16:26:57 -0700 PDT 
  Updated Node Allocatable limit across pods
    NodeAllocatableEnforced        Normal                                                       
    2026-06-05 16:26:57 -0700 PDT  2026-06-05 16:26:57 -0700 PDT 
  Node node3 status is now: NodeHasSufficientMemory
    NodeHasSufficientMemory        Normal                                                       
    2026-06-05 16:26:57 -0700 PDT  2026-06-05 16:26:57 -0700 PDT 
  Node node3 status is now: NodeHasNoDiskPressure
    NodeHasNoDiskPressure          Normal                                                       
    2026-06-05 16:26:57 -0700 PDT  2026-06-05 16:26:57 -0700 PDT 
  Node node3 status is now: NodeHasSufficientPID
    NodeHasSufficientPID           Normal                                                       
    2026-06-05 16:26:57 -0700 PDT  2026-06-05 16:26:57 -0700 PDT 
  Node and Certificate Authority certificates managed by k3s are OK
    CertificateExpirationOK        Normal                                                       
    2026-06-05 16:42:04 -0700 PDT  2026-06-05 16:42:04 -0700 PDT 
  
    Starting                       Normal                         StartKubeProxy                
    0001-01-01 00:00:00 +0000 UTC  0001-01-01 00:00:00 +0000 UTC 
  Starting kubelet.
    Starting                       Normal                                                       
    2026-06-05 16:42:05 -0700 PDT  2026-06-05 16:42:05 -0700 PDT 
  invalid capacity 0 on image filesystem
    InvalidDiskCapacity            Warning                                                      
    2026-06-05 16:42:05 -0700 PDT  2026-06-05 16:42:05 -0700 PDT 
  Updated Node Allocatable limit across pods
    NodeAllocatableEnforced        Normal                                                       
    2026-06-05 16:42:05 -0700 PDT  2026-06-05 16:42:05 -0700 PDT 
  Node node3 status is now: NodeHasSufficientMemory
    NodeHasSufficientMemory        Normal                                                       
    2026-06-05 16:42:05 -0700 PDT  2026-06-05 16:42:05 -0700 PDT 
  Node node3 status is now: NodeHasNoDiskPressure
    NodeHasNoDiskPressure          Normal                                                       
    2026-06-05 16:42:05 -0700 PDT  2026-06-05 16:42:05 -0700 PDT 
  Node node3 status is now: NodeHasSufficientPID
    NodeHasSufficientPID           Normal                                                       
    2026-06-05 16:42:05 -0700 PDT  2026-06-05 16:42:05 -0700 PDT 
  Node and Certificate Authority certificates managed by k3s are OK
    CertificateExpirationOK        Normal                                                       
    2026-06-05 16:57:12 -0700 PDT  2026-06-05 16:57:12 -0700 PDT 
  
    Starting                       Normal                         StartKubeProxy                
    0001-01-01 00:00:00 +0000 UTC  0001-01-01 00:00:00 +0000 UTC 
  Starting kubelet.
    Starting                       Normal                                                       
    2026-06-05 16:57:13 -0700 PDT  2026-06-05 16:57:13 -0700 PDT 
  invalid capacity 0 on image filesystem
    InvalidDiskCapacity            Warning                                                      
    2026-06-05 16:57:13 -0700 PDT  2026-06-05 16:57:13 -0700 PDT 
  Updated Node Allocatable limit across pods
    NodeAllocatableEnforced        Normal                                                       
    2026-06-05 16:57:13 -0700 PDT  2026-06-05 16:57:13 -0700 PDT 
  Node node3 status is now: NodeHasSufficientMemory
    NodeHasSufficientMemory        Normal                                                       
    2026-06-05 16:57:13 -0700 PDT  2026-06-05 16:57:13 -0700 PDT 
  Node node3 status is now: NodeHasNoDiskPressure
    NodeHasNoDiskPressure          Normal                                                       
    2026-06-05 16:57:13 -0700 PDT  2026-06-05 16:57:13 -0700 PDT 
  Node node3 status is now: NodeHasSufficientPID
    NodeHasSufficientPID           Normal                                                       
    2026-06-05 16:57:13 -0700 PDT  2026-06-05 16:57:13 -0700 PDT 
  unable to log in to auth method: unable to log in with Kubernetes auth: Error making API request.

URL: PUT http://vault.vault.svc.cluster.local:8200/v1/auth/kubernetes/login
Code: 403. Errors:

* permission denied
    InvalidProviderConfig          Warning                                                      
    2026-05-18 20:34:33 -0700 PDT  2026-06-05 17:04:06 -0700 PDT 
  There are 89 pods in the default namespace
Pods
----
  There are 0 pods in the default namespace

external-secrets                        
================                        

Events
------
  There are 0 pods in the external-secrets namespace
Pods
----
  external-secrets-869bb9645c-cbbbd
  external-secrets-cert-controller-5d4589849b-xq2jg
  external-secrets-webhook-86cdc67bc6-l42vc
  There are 3 pods in the external-secrets namespace

ingress-nginx                           
=============                           

Events
------
  There are 0 pods in the ingress-nginx namespace
Pods
----
  ingress-nginx-controller-6887c6d764-f8xcf
  There are 1 pods in the ingress-nginx namespace

istio-system                            
============                            

Events
------
  failed to get cpu utilization: unable to get metrics for resource cpu: no metrics returned from resource metrics API
    FailedGetResourceMetric        Warning                                                      
    2026-05-18 20:16:02 -0700 PDT  2026-06-05 16:57:27 -0700 PDT 
  invalid metrics (1 invalid out of 1), first error is: failed to get cpu resource metric value: failed to get cpu utilization: unable to get metrics for resource cpu: no metrics returned from resource metrics API
    FailedComputeMetricsReplicas   Warning                                                      
    2026-05-18 20:16:02 -0700 PDT  2026-06-05 16:57:27 -0700 PDT 
  There are 2 pods in the istio-system namespace
Pods
----
  istiod-cf7dd44bd-sd44h
  There are 1 pods in the istio-system namespace

kube-node-lease                         
===============                         

Events
------
  There are 0 pods in the kube-node-lease namespace
Pods
----
  There are 0 pods in the kube-node-lease namespace

kube-public                             
===========                             

Events
------
  There are 0 pods in the kube-public namespace
Pods
----
  There are 0 pods in the kube-public namespace

kube-system                             
===========                             

Events
------
  There are 0 pods in the kube-system namespace
Pods
----
  coredns-ccb96694c-fl7b4
  local-path-provisioner-5cf85fd84d-7pfq5
  metrics-server-5985cbc9d7-v8bgs
  There are 3 pods in the kube-system namespace

myapp                                   
=====                                   

Events
------
  Container image "gcr.io/google-samples/hello-app:1.0" already present on machine and can be accessed by the pod
    Pulled                         Normal                                                       
    2026-06-05 15:56:39 -0700 PDT  2026-06-05 16:07:10 -0700 PDT 
  Container created
    Created                        Normal                                                       
    2026-06-05 15:56:39 -0700 PDT  2026-06-05 16:07:10 -0700 PDT 
  Container started
    Started                        Normal                                                       
    2026-06-05 15:56:40 -0700 PDT  2026-06-05 16:07:10 -0700 PDT 
  Back-off restarting failed container hello-app in pod hello-app-78c7d46cd5-hzsv5_myapp(939b6de0-f638-4d3d-97c0-910839825066)
    BackOff                        Warning                                                      
    2026-06-05 15:56:40 -0700 PDT  2026-06-05 16:11:13 -0700 PDT 
  Container image "gcr.io/google-samples/hello-app:1.0" already present on machine and can be accessed by the pod
    Pulled                         Normal                                                       
    2026-06-05 16:11:48 -0700 PDT  2026-06-05 16:22:28 -0700 PDT 
  Container created
    Created                        Normal                                                       
    2026-06-05 16:11:48 -0700 PDT  2026-06-05 16:22:28 -0700 PDT 
  Container started
    Started                        Normal                                                       
    2026-06-05 16:11:48 -0700 PDT  2026-06-05 16:22:28 -0700 PDT 
  Back-off restarting failed container hello-app in pod hello-app-78c7d46cd5-hzsv5_myapp(939b6de0-f638-4d3d-97c0-910839825066)
    BackOff                        Warning                                                      
    2026-06-05 16:11:49 -0700 PDT  2026-06-05 16:25:53 -0700 PDT 
  Container image "gcr.io/google-samples/hello-app:1.0" already present on machine and can be accessed by the pod
    Pulled                         Normal                                                       
    2026-06-05 16:26:56 -0700 PDT  2026-06-05 16:37:42 -0700 PDT 
  Container created
    Created                        Normal                                                       
    2026-06-05 16:26:56 -0700 PDT  2026-06-05 16:37:42 -0700 PDT 
  Container started
    Started                        Normal                                                       
    2026-06-05 16:26:56 -0700 PDT  2026-06-05 16:37:42 -0700 PDT 
  Back-off restarting failed container hello-app in pod hello-app-78c7d46cd5-hzsv5_myapp(939b6de0-f638-4d3d-97c0-910839825066)
    BackOff                        Warning                                                      
    2026-06-05 16:26:57 -0700 PDT  2026-06-05 16:41:43 -0700 PDT 
  Container image "gcr.io/google-samples/hello-app:1.0" already present on machine and can be accessed by the pod
    Pulled                         Normal                                                       
    2026-06-05 16:42:05 -0700 PDT  2026-06-05 16:52:37 -0700 PDT 
  Container created
    Created                        Normal                                                       
    2026-06-05 16:42:05 -0700 PDT  2026-06-05 16:52:37 -0700 PDT 
  Container started
    Started                        Normal                                                       
    2026-06-05 16:42:05 -0700 PDT  2026-06-05 16:52:37 -0700 PDT 
  Back-off restarting failed container hello-app in pod hello-app-78c7d46cd5-hzsv5_myapp(939b6de0-f638-4d3d-97c0-910839825066)
    BackOff                        Warning                                                      
    2026-06-05 16:42:05 -0700 PDT  2026-06-05 16:56:13 -0700 PDT 
  Container image "gcr.io/google-samples/hello-app:1.0" already present on machine and can be accessed by the pod
    Pulled                         Normal                                                       
    2026-06-05 16:57:13 -0700 PDT  2026-06-05 17:02:48 -0700 PDT 
  Container created
    Created                        Normal                                                       
    2026-06-05 16:57:13 -0700 PDT  2026-06-05 17:02:48 -0700 PDT 
  Container started
    Started                        Normal                                                       
    2026-06-05 16:57:13 -0700 PDT  2026-06-05 17:02:48 -0700 PDT 
  Back-off restarting failed container hello-app in pod hello-app-78c7d46cd5-hzsv5_myapp(939b6de0-f638-4d3d-97c0-910839825066)
    BackOff                        Warning                                                      
    2026-06-05 16:57:14 -0700 PDT  2026-06-05 17:06:26 -0700 PDT 
  error processing spec.data[0] (key: certificates/myapp-test-cert-tls), err: ClusterSecretStore "vault-backend" is not ready
    UpdateFailed                   Warning                                                      
    2026-05-18 20:32:36 -0700 PDT  2026-06-05 17:05:51 -0700 PDT 
  There are 21 pods in the myapp namespace
Pods
----
  hello-app-78c7d46cd5-hzsv5
  There are 1 pods in the myapp namespace

vault                                   
=====                                   

Events
------
  There are 0 pods in the vault namespace
Pods
----
  vault-0
  vault-agent-injector-795876f67c-ltlv4
  There are 2 pods in the vault namespace

There are 10 namespaces
